Archive member included to satisfy reference by file (symbol)

/home/khanhnguyen/.local/xPacks/@xpack-dev-tools/arm-none-eabi-gcc/12.3.1-1.2.1/.content/bin/../lib/gcc/arm-none-eabi/12.3.1/../../../../arm-none-eabi/lib/thumb/v7e-m/nofp/libg_nano.a(libc_a-vsnprintf.o)
                              ./system/src/diag/trace.o (symbol from plugin) (vsnprintf)
/home/khanhnguyen/.local/xPacks/@xpack-dev-tools/arm-none-eabi-gcc/12.3.1-1.2.1/.content/bin/../lib/gcc/arm-none-eabi/12.3.1/../../../../arm-none-eabi/lib/thumb/v7e-m/nofp/libg_nano.a(libc_a-impure.o)
                              /home/khanhnguyen/.local/xPacks/@xpack-dev-tools/arm-none-eabi-gcc/12.3.1-1.2.1/.content/bin/../lib/gcc/arm-none-eabi/12.3.1/../../../../arm-none-eabi/lib/thumb/v7e-m/nofp/libg_nano.a(libc_a-vsnprintf.o) (_impure_ptr)
/home/khanhnguyen/.local/xPacks/@xpack-dev-tools/arm-none-eabi-gcc/12.3.1-1.2.1/.content/bin/../lib/gcc/arm-none-eabi/12.3.1/../../../../arm-none-eabi/lib/thumb/v7e-m/nofp/libg_nano.a(libc_a-errno.o)
                              ./system/src/newlib/sbrk.o (symbol from plugin) (__errno)
/home/khanhnguyen/.local/xPacks/@xpack-dev-tools/arm-none-eabi-gcc/12.3.1-1.2.1/.content/bin/../lib/gcc/arm-none-eabi/12.3.1/../../../../arm-none-eabi/lib/thumb/v7e-m/nofp/libg_nano.a(libc_a-strlen.o)
                              ./system/src/diag/trace.o (symbol from plugin) (strlen)
/home/khanhnguyen/.local/xPacks/@xpack-dev-tools/arm-none-eabi-gcc/12.3.1-1.2.1/.content/bin/../lib/gcc/arm-none-eabi/12.3.1/../../../../arm-none-eabi/lib/thumb/v7e-m/nofp/libg_nano.a(libc_a-nano-svfprintf.o)
                              /home/khanhnguyen/.local/xPacks/@xpack-dev-tools/arm-none-eabi-gcc/12.3.1-1.2.1/.content/bin/../lib/gcc/arm-none-eabi/12.3.1/../../../../arm-none-eabi/lib/thumb/v7e-m/nofp/libg_nano.a(libc_a-vsnprintf.o) (_svfprintf_r)
/home/khanhnguyen/.local/xPacks/@xpack-dev-tools/arm-none-eabi-gcc/12.3.1-1.2.1/.content/bin/../lib/gcc/arm-none-eabi/12.3.1/../../../../arm-none-eabi/lib/thumb/v7e-m/nofp/libg_nano.a(libc_a-nano-vfprintf_i.o)
                              /home/khanhnguyen/.local/xPacks/@xpack-dev-tools/arm-none-eabi-gcc/12.3.1-1.2.1/.content/bin/../lib/gcc/arm-none-eabi/12.3.1/../../../../arm-none-eabi/lib/thumb/v7e-m/nofp/libg_nano.a(libc_a-nano-svfprintf.o) (_printf_i)
/home/khanhnguyen/.local/xPacks/@xpack-dev-tools/arm-none-eabi-gcc/12.3.1-1.2.1/.content/bin/../lib/gcc/arm-none-eabi/12.3.1/../../../../arm-none-eabi/lib/thumb/v7e-m/nofp/libg_nano.a(libc_a-memmove.o)
                              /home/khanhnguyen/.local/xPacks/@xpack-dev-tools/arm-none-eabi-gcc/12.3.1-1.2.1/.content/bin/../lib/gcc/arm-none-eabi/12.3.1/../../../../arm-none-eabi/lib/thumb/v7e-m/nofp/libg_nano.a(libc_a-nano-svfprintf.o) (memmove)
/home/khanhnguyen/.local/xPacks/@xpack-dev-tools/arm-none-eabi-gcc/12.3.1-1.2.1/.content/bin/../lib/gcc/arm-none-eabi/12.3.1/../../../../arm-none-eabi/lib/thumb/v7e-m/nofp/libg_nano.a(libc_a-memchr.o)
                              /home/khanhnguyen/.local/xPacks/@xpack-dev-tools/arm-none-eabi-gcc/12.3.1-1.2.1/.content/bin/../lib/gcc/arm-none-eabi/12.3.1/../../../../arm-none-eabi/lib/thumb/v7e-m/nofp/libg_nano.a(libc_a-nano-svfprintf.o) (memchr)
/home/khanhnguyen/.local/xPacks/@xpack-dev-tools/arm-none-eabi-gcc/12.3.1-1.2.1/.content/bin/../lib/gcc/arm-none-eabi/12.3.1/../../../../arm-none-eabi/lib/thumb/v7e-m/nofp/libg_nano.a(libc_a-memcpy-stub.o)
                              /home/khanhnguyen/.local/xPacks/@xpack-dev-tools/arm-none-eabi-gcc/12.3.1-1.2.1/.content/bin/../lib/gcc/arm-none-eabi/12.3.1/../../../../arm-none-eabi/lib/thumb/v7e-m/nofp/libg_nano.a(libc_a-nano-svfprintf.o) (memcpy)
/home/khanhnguyen/.local/xPacks/@xpack-dev-tools/arm-none-eabi-gcc/12.3.1-1.2.1/.content/bin/../lib/gcc/arm-none-eabi/12.3.1/../../../../arm-none-eabi/lib/thumb/v7e-m/nofp/libg_nano.a(libc_a-freer.o)
                              /home/khanhnguyen/.local/xPacks/@xpack-dev-tools/arm-none-eabi-gcc/12.3.1-1.2.1/.content/bin/../lib/gcc/arm-none-eabi/12.3.1/../../../../arm-none-eabi/lib/thumb/v7e-m/nofp/libg_nano.a(libc_a-nano-svfprintf.o) (_free_r)
/home/khanhnguyen/.local/xPacks/@xpack-dev-tools/arm-none-eabi-gcc/12.3.1-1.2.1/.content/bin/../lib/gcc/arm-none-eabi/12.3.1/../../../../arm-none-eabi/lib/thumb/v7e-m/nofp/libg_nano.a(libc_a-mallocr.o)
                              /home/khanhnguyen/.local/xPacks/@xpack-dev-tools/arm-none-eabi-gcc/12.3.1-1.2.1/.content/bin/../lib/gcc/arm-none-eabi/12.3.1/../../../../arm-none-eabi/lib/thumb/v7e-m/nofp/libg_nano.a(libc_a-nano-svfprintf.o) (_malloc_r)
/home/khanhnguyen/.local/xPacks/@xpack-dev-tools/arm-none-eabi-gcc/12.3.1-1.2.1/.content/bin/../lib/gcc/arm-none-eabi/12.3.1/../../../../arm-none-eabi/lib/thumb/v7e-m/nofp/libg_nano.a(libc_a-mlock.o)
[...]
Memory Configuration

Name             Origin             Length             Attributes
RAM              0x20000000         0x00020000         xrw
CCMRAM           0x10000000         0x00010000         xrw
FLASH            0x08000000         0x00100000         xr
FLASHB1          0x00000000         0x00000000         xr
EXTMEMB0         0x00000000         0x00000000         xr
EXTMEMB1         0x00000000         0x00000000         xr
EXTMEMB2         0x00000000         0x00000000         xr
EXTMEMB3         0x00000000         0x00000000         xr
MEMORY_ARRAY     0x20002000         0x00000020         xrw
*default*        0x00000000         0xffffffff

Linker script and memory map

LOAD ./system/src/stm32f4-hal/stm32f4xx_hal.o
LOAD /tmp/ccKySW0X.ltrans0.ltrans.o
LOAD /tmp/ccQDez44.debug.temp.o
LOAD /tmp/ccJq6ahU.debug.temp.o
LOAD /tmp/cc32pdWM.debug.temp.o
LOAD /tmp/ccHcT7tI.debug.temp.o
LOAD /tmp/cc55Lo2k.debug.temp.o
LOAD /tmp/ccQIwMpf.debug.temp.o
LOAD /tmp/ccMe1h5F.debug.temp.o
LOAD /tmp/cc49NR0l.debug.temp.o
LOAD /tmp/ccYxuukH.debug.temp.o
LOAD /tmp/ccXD4hTM.debug.temp.o
LOAD /tmp/ccohTJGM.debug.temp.o
LOAD /tmp/cc8aUojJ.debug.temp.o
LOAD /tmp/ccnCLbBQ.debug.temp.o
LOAD /tmp/ccwGApve.debug.temp.o
LOAD /tmp/cc5KCwBb.debug.temp.o
LOAD /tmp/ccVsTEpe.debug.temp.o
LOAD /tmp/ccQqnB1l.debug.temp.o
LOAD /tmp/ccJk8ueW.debug.temp.o
LOAD /tmp/ccN5wid4.debug.temp.o
LOAD /tmp/ccne0erk.debug.temp.o
LOAD /tmp/ccf3wA0y.debug.temp.o
LOAD /tmp/cc0zDGyL.debug.temp.o
LOAD /tmp/cceU5ycR.debug.temp.o
LOAD /tmp/ccbveodT.debug.temp.o
LOAD /tmp/ccvIBB5N.debug.temp.o
LOAD /tmp/ccApBclH.debug.temp.o
LOAD /tmp/ccZZDxhl.debug.temp.o
LOAD /tmp/ccD5Qwz2.debug.temp.o
LOAD ./system/src/stm32f4-hal/stm32f4xx_hal_cortex.o
LOAD ./system/src/stm32f4-hal/stm32f4xx_hal_flash.o
LOAD ./system/src/stm32f4-hal/stm32f4xx_hal_flash_ex.o
LOAD ./system/src/stm32f4-hal/stm32f4xx_hal_flash_ramfunc.o
LOAD ./system/src/stm32f4-hal/stm32f4xx_hal_gpio.o
LOAD ./system/src/stm32f4-hal/stm32f4xx_hal_iwdg.o
LOAD ./system/src/stm32f4-hal/stm32f4xx_hal_pwr.o
LOAD ./system/src/stm32f4-hal/stm32f4xx_hal_rcc.o
LOAD ./system/src/newlib/assert.o
LOAD ./system/src/newlib/cxx.o
LOAD ./system/src/newlib/exit.o
LOAD ./system/src/newlib/sbrk.o
LOAD ./system/src/newlib/startup.o
LOAD ./system/src/newlib/syscalls.o
LOAD ./system/src/diag/trace-impl.o
LOAD ./system/src/diag/trace.o
LOAD ./system/src/cortexm/exception-handlers.o
LOAD ./system/src/cortexm/initialize-hardware.o
LOAD ./system/src/cortexm/reset-hardware.o
LOAD ./system/src/cmsis/system_stm32f4xx.o
LOAD ./system/src/cmsis/vectors_stm32f407xx.o
LOAD ./src/initialize-hardware.o
LOAD ./src/led.o
LOAD ./src/main.o
LOAD ./src/stm32f4xx_hal_msp.o
LOAD ./src/timer.o
LOAD ./src/write.o
LOAD /home/khanhnguyen/.local/xPacks/@xpack-dev-tools/arm-none-eabi-gcc/12.3.1-1.2.1/.content/bin/../lib/gcc/arm-none-eabi/12.3.1/../../../../arm-none-eabi/lib/thumb/v7e-m/nofp/libstdc++_nano.a
LOAD /home/khanhnguyen/.local/xPacks/@xpack-dev-tools/arm-none-eabi-gcc/12.3.1-1.2.1/.content/bin/../lib/gcc/arm-none-eabi/12.3.1/../../../../arm-none-eabi/lib/thumb/v7e-m/nofp/libm.a
START GROUP
LOAD /home/khanhnguyen/.local/xPacks/@xpack-dev-tools/arm-none-eabi-gcc/12.3.1-1.2.1/.content/bin/../lib/gcc/arm-none-eabi/12.3.1/thumb/v7e-m/nofp/libgcc.a
LOAD /home/khanhnguyen/.local/xPacks/@xpack-dev-tools/arm-none-eabi-gcc/12.3.1-1.2.1/.content/bin/../lib/gcc/arm-none-eabi/12.3.1/../../../../arm-none-eabi/lib/thumb/v7e-m/nofp/libg_nano.a
LOAD /home/khanhnguyen/.local/xPacks/@xpack-dev-tools/arm-none-eabi-gcc/12.3.1-1.2.1/.content/bin/../lib/gcc/arm-none-eabi/12.3.1/../../../../arm-none-eabi/lib/thumb/v7e-m/nofp/libc_nano.a
END GROUP
START GROUP
LOAD /home/khanhnguyen/.local/xPacks/@xpack-dev-tools/arm-none-eabi-gcc/12.3.1-1.2.1/.content/bin/../lib/gcc/arm-none-eabi/12.3.1/thumb/v7e-m/nofp/libgcc.a
LOAD /home/khanhnguyen/.local/xPacks/@xpack-dev-tools/arm-none-eabi-gcc/12.3.1-1.2.1/.content/bin/../lib/gcc/arm-none-eabi/12.3.1/../../../../arm-none-eabi/lib/thumb/v7e-m/nofp/libc_nano.a
END GROUP
                0x20020000                        __stack = (ORIGIN (RAM) + LENGTH (RAM))
                0x20020000                        _estack = __stack
                0x00000400                        __Main_Stack_Size = 0x400
                [!provide]                        PROVIDE (_Main_Stack_Size = __Main_Stack_Size)
                0x2001fc00                        __Main_Stack_Limit = (__stack - __Main_Stack_Size)
                [!provide]                        PROVIDE (_Main_Stack_Limit = __Main_Stack_Limit)
                0x00000100                        _Minimum_Stack_Size = 0x100
                0x20000110                        PROVIDE (_Heap_Begin = _end_noinit)
                0x2001fc00                        PROVIDE (_Heap_Limit = (__stack - __Main_Stack_Size))

.isr_vector     0x08000000      0x394
 FILL mask 0xff
                0x08000000                        __vectors_start = ABSOLUTE (.)
                0x08000000                        __vectors_start__ = ABSOLUTE (.)
 *(.isr_vector)
 .isr_vector    0x08000000      0x188 /tmp/ccKySW0X.ltrans0.ltrans.o
                0x08000000                __isr_vectors
 *(.cfmconfig)
 *(.after_vectors .after_vectors.*)
 .after_vectors
                0x08000188      0x20c /tmp/ccKySW0X.ltrans0.ltrans.o
                0x0800018c                HardFault_Handler
                0x080001a4                BusFault_Handler
                0x080001b8                UsageFault_Handler
                0x080001dc                _start
                0x080002ea                HardFault_Handler_C
                0x08000320                BusFault_Handler_C
                0x08000354                UsageFault_Handler_C

.inits          0x08000394       0x28
                0x08000394                        __data_regions_array_start = .
                0x08000394        0x4 LONG 0x80025ac LOADADDR (.data)
                0x08000398        0x4 LONG 0x20000000 ADDR (.data)
                0x0800039c        0x4 LONG 0x20000068 (ADDR (.data) + SIZEOF (.data))
                0x080003a0        0x4 LONG 0x80025ac LOADADDR (.data_CCMRAM)
                0x080003a4        0x4 LONG 0x10000000 ADDR (.data_CCMRAM)
                0x080003a8        0x4 LONG 0x10000000 (ADDR (.data_CCMRAM) + SIZEOF (.data_CCMRAM))
                0x080003ac                        __data_regions_array_end = .
                0x080003ac                        __bss_regions_array_start = .
                0x080003ac        0x4 LONG 0x20000068 ADDR (.bss)
                0x080003b0        0x4 LONG 0x20000110 (ADDR (.bss) + SIZEOF (.bss))
                0x080003b4        0x4 LONG 0x10000000 ADDR (.bss_CCMRAM)
                0x080003b8        0x4 LONG 0x10000000 (ADDR (.bss_CCMRAM) + SIZEOF (.bss_CCMRAM))
                0x080003bc                        __bss_regions_array_end = .
 *(.init)
 *(.fini)
                0x080003bc                        . = ALIGN (0x4)
                0x080003bc                        PROVIDE (__preinit_array_start = .)
 *(.preinit_array_sysinit .preinit_array_sysinit.*)
 *(.preinit_array_platform .preinit_array_platform.*)
 *(.preinit_array .preinit_array.*)
                0x080003bc                        PROVIDE (__preinit_array_end = .)
                0x080003bc                        . = ALIGN (0x4)
                0x080003bc                        PROVIDE (__init_array_start = .)
 *(SORT_BY_NAME(.init_array.*))
 *(.init_array)
                0x080003bc                        PROVIDE (__init_array_end = .)
                0x080003bc                        . = ALIGN (0x4)
                0x080003bc                        PROVIDE (__fini_array_start = .)
 *(SORT_BY_NAME(.fini_array.*))
 *(.fini_array)
                0x080003bc                        PROVIDE (__fini_array_end = .)

.flashtext
 *(.flashtext .flashtext.*)

.text           0x080003c0     0x21e4
 *(.text .text.*)
 .text.HAL_IncTick
                0x080003c0       0x10 /tmp/ccKySW0X.ltrans0.ltrans.o
 .text.HAL_GetTick
                0x080003d0        0xc /tmp/ccKySW0X.ltrans0.ltrans.o
 .text.__NVIC_SetPriority
                0x080003dc       0x28 /tmp/ccKySW0X.ltrans0.ltrans.o
 .text.NVIC_EncodePriority
                0x08000404       0x3e /tmp/ccKySW0X.ltrans0.ltrans.o
 *fill*         0x08000442        0x2 
 .text.HAL_SYSTICK_Config
                0x08000444       0x28 /tmp/ccKySW0X.ltrans0.ltrans.o
 .text.HAL_RCC_GetSysClockFreq
                0x0800046c       0x74 /tmp/ccKySW0X.ltrans0.ltrans.o
 .text.HAL_RCC_GetHCLKFreq
                0x080004e0        0xc /tmp/ccKySW0X.ltrans0.ltrans.o
 .text.__initialize_args
                0x080004ec       0x10 /tmp/ccKySW0X.ltrans0.ltrans.o
 .text._trace_write_itm
                0x080004fc       0x46 /tmp/ccKySW0X.ltrans0.ltrans.o
 .text.trace_write
                0x08000542        0x8 /tmp/ccKySW0X.ltrans0.ltrans.o
 *fill*         0x0800054a        0x2 
 .text.SystemInit
                0x0800054c       0x10 /tmp/ccKySW0X.ltrans0.ltrans.o
 .text.__initialize_hardware_early
                0x0800055c       0x18 /tmp/ccKySW0X.ltrans0.ltrans.o
 .text.SystemCoreClockUpdate
                0x08000574       0xa0 /tmp/ccKySW0X.ltrans0.ltrans.o
 .text.timer_start
                0x08000614       0x38 /tmp/ccKySW0X.ltrans0.ltrans.o
 .text.timer_sleep
                0x0800064c       0x14 /tmp/ccKySW0X.ltrans0.ltrans.o
 .text.timer_tick
                0x08000660       0x14 /tmp/ccKySW0X.ltrans0.ltrans.o
 .text.SysTick_Handler
                0x08000674        0xc /tmp/ccKySW0X.ltrans0.ltrans.o
 .text.trace_printf
                0x08000680       0x34 /tmp/ccKySW0X.ltrans0.ltrans.o
 .text.dumpExceptionStack
                0x080006b4       0xf4 /tmp/ccKySW0X.ltrans0.ltrans.o
 .text.assert_failed
                0x080007a8       0x14 /tmp/ccKySW0X.ltrans0.ltrans.o
 .text.HAL_NVIC_SetPriorityGrouping
                0x080007bc       0x38 /tmp/ccKySW0X.ltrans0.ltrans.o
 .text.HAL_NVIC_SetPriority
                0x080007f4       0x3c /tmp/ccKySW0X.ltrans0.ltrans.o
 .text.HAL_InitTick
                0x08000830       0x44 /tmp/ccKySW0X.ltrans0.ltrans.o
 .text.HAL_Init
                0x08000874       0x30 /tmp/ccKySW0X.ltrans0.ltrans.o
 .text.HAL_SYSTICK_CLKSourceConfig
                0x080008a4       0x34 /tmp/ccKySW0X.ltrans0.ltrans.o
 .text.HAL_GPIO_Init
                0x080008d8      0x2d0 /tmp/ccKySW0X.ltrans0.ltrans.o
 .text.HAL_GPIO_WritePin
                0x08000ba8       0x2c /tmp/ccKySW0X.ltrans0.ltrans.o
 .text.blink_led_on
                0x08000bd4       0x14 /tmp/ccKySW0X.ltrans0.ltrans.o
 .text.blink_led_off
                0x08000be8       0x14 /tmp/ccKySW0X.ltrans0.ltrans.o
 .text.blink_led_init
                0x08000bfc       0x38 /tmp/ccKySW0X.ltrans0.ltrans.o
 .text.HAL_RCC_OscConfig
                0x08000c34      0x4e4 /tmp/ccKySW0X.ltrans0.ltrans.o
 .text.HAL_RCC_ClockConfig
                0x08001118      0x218 /tmp/ccKySW0X.ltrans0.ltrans.o
 .text.SystemClock_Config
                0x08001330       0xa0 /tmp/ccKySW0X.ltrans0.ltrans.o
 .text.__initialize_hardware
                0x080013d0       0x10 /tmp/ccKySW0X.ltrans0.ltrans.o
 .text.trace_puts
                0x080013e0       0x20 /tmp/ccKySW0X.ltrans0.ltrans.o
 .text.main     0x08001400       0xa8 /tmp/ccKySW0X.ltrans0.ltrans.o
 .text._sbrk    0x080014a8       0x44 /tmp/ccKySW0X.ltrans0.ltrans.o
                0x080014a8                _sbrk
 .text._vsnprintf_r
                0x080014ec       0x56 /home/khanhnguyen/.local/xPacks/@xpack-dev-tools/arm-none-eabi-gcc/12.3.1-1.2.1/.content/bin/../lib/gcc/arm-none-eabi/12.3.1/../../../../arm-none-eabi/lib/thumb/v7e-m/nofp/libg_nano.a(libc_a-vsnprintf.o)
                0x080014ec                _vsnprintf_r
                0x080014ec                _vsniprintf_r
 *fill*         0x08001542        0x2 
 .text.vsnprintf
                0x08001544       0x1c /home/khanhnguyen/.local/xPacks/@xpack-dev-tools/arm-none-eabi-gcc/12.3.1-1.2.1/.content/bin/../lib/gcc/arm-none-eabi/12.3.1/../../../../arm-none-eabi/lib/thumb/v7e-m/nofp/libg_nano.a(libc_a-vsnprintf.o)
                0x08001544                vsnprintf
                0x08001544                vsniprintf
 .text.__errno  0x08001560        0xc /home/khanhnguyen/.local/xPacks/@xpack-dev-tools/arm-none-eabi-gcc/12.3.1-1.2.1/.content/bin/../lib/gcc/arm-none-eabi/12.3.1/../../../../arm-none-eabi/lib/thumb/v7e-m/nofp/libg_nano.a(libc_a-errno.o)
                0x08001560                __errno
 .text          0x0800156c       0x10 /home/khanhnguyen/.local/xPacks/@xpack-dev-tools/arm-none-eabi-gcc/12.3.1-1.2.1/.content/bin/../lib/gcc/arm-none-eabi/12.3.1/../../../../arm-none-eabi/lib/thumb/v7e-m/nofp/libg_nano.a(libc_a-strlen.o)
                0x0800156c                strlen
 .text.__ssputs_r
                0x0800157c       0xb6 /home/khanhnguyen/.local/xPacks/@xpack-dev-tools/arm-none-eabi-gcc/12.3.1-1.2.1/.content/bin/../lib/gcc/arm-none-eabi/12.3.1/../../../../arm-none-eabi/lib/thumb/v7e-m/nofp/libg_nano.a(libc_a-nano-svfprintf.o)
                0x0800157c                __ssputs_r
 *fill*         0x08001632        0x2 
 .text._svfprintf_r
                0x08001634      0x1f8 /home/khanhnguyen/.local/xPacks/@xpack-dev-tools/arm-none-eabi-gcc/12.3.1-1.2.1/.content/bin/../lib/gcc/arm-none-eabi/12.3.1/../../../../arm-none-eabi/lib/thumb/v7e-m/nofp/libg_nano.a(libc_a-nano-svfprintf.o)
                0x08001634                _svfprintf_r
                0x08001634                _svfiprintf_r
 .text._printf_common
                0x0800182c       0xda /home/khanhnguyen/.local/xPacks/@xpack-dev-tools/arm-none-eabi-gcc/12.3.1-1.2.1/.content/bin/../lib/gcc/arm-none-eabi/12.3.1/../../../../arm-none-eabi/lib/thumb/v7e-m/nofp/libg_nano.a(libc_a-nano-vfprintf_i.o)
                0x0800182c                _printf_common
 *fill*         0x08001906        0x2 
 .text._printf_i
                0x08001908      0x258 /home/khanhnguyen/.local/xPacks/@xpack-dev-tools/arm-none-eabi-gcc/12.3.1-1.2.1/.content/bin/../lib/gcc/arm-none-eabi/12.3.1/../../../../arm-none-eabi/lib/thumb/v7e-m/nofp/libg_nano.a(libc_a-nano-vfprintf_i.o)
                0x08001908                _printf_i
 .text.memmove  0x08001b60       0x34 /home/khanhnguyen/.local/xPacks/@xpack-dev-tools/arm-none-eabi-gcc/12.3.1-1.2.1/.content/bin/../lib/gcc/arm-none-eabi/12.3.1/../../../../arm-none-eabi/lib/thumb/v7e-m/nofp/libg_nano.a(libc_a-memmove.o)
                0x08001b60                memmove
 *fill*         0x08001b94        0xc 
 .text          0x08001ba0       0xa0 /home/khanhnguyen/.local/xPacks/@xpack-dev-tools/arm-none-eabi-gcc/12.3.1-1.2.1/.content/bin/../lib/gcc/arm-none-eabi/12.3.1/../../../../arm-none-eabi/lib/thumb/v7e-m/nofp/libg_nano.a(libc_a-memchr.o)
                0x08001ba0                memchr
 .text.memcpy   0x08001c40       0x1c /home/khanhnguyen/.local/xPacks/@xpack-dev-tools/arm-none-eabi-gcc/12.3.1-1.2.1/.content/bin/../lib/gcc/arm-none-eabi/12.3.1/../../../../arm-none-eabi/lib/thumb/v7e-m/nofp/libg_nano.a(libc_a-memcpy-stub.o)
                0x08001c40                memcpy
 .text._free_r  0x08001c5c       0x94 /home/khanhnguyen/.local/xPacks/@xpack-dev-tools/arm-none-eabi-gcc/12.3.1-1.2.1/.content/bin/../lib/gcc/arm-none-eabi/12.3.1/../../../../arm-none-eabi/lib/thumb/v7e-m/nofp/libg_nano.a(libc_a-freer.o)
                0x08001c5c                _free_r
 .text.sbrk_aligned
                0x08001cf0       0x44 /home/khanhnguyen/.local/xPacks/@xpack-dev-tools/arm-none-eabi-gcc/12.3.1-1.2.1/.content/bin/../lib/gcc/arm-none-eabi/12.3.1/../../../../arm-none-eabi/lib/thumb/v7e-m/nofp/libg_nano.a(libc_a-mallocr.o)
 .text._malloc_r
                0x08001d34      0x100 /home/khanhnguyen/.local/xPacks/@xpack-dev-tools/arm-none-eabi-gcc/12.3.1-1.2.1/.content/bin/../lib/gcc/arm-none-eabi/12.3.1/../../../../arm-none-eabi/lib/thumb/v7e-m/nofp/libg_nano.a(libc_a-mallocr.o)
                0x08001d34                _malloc_r
 .text.__malloc_lock
                0x08001e34        0xc /home/khanhnguyen/.local/xPacks/@xpack-dev-tools/arm-none-eabi-gcc/12.3.1-1.2.1/.content/bin/../lib/gcc/arm-none-eabi/12.3.1/../../../../arm-none-eabi/lib/thumb/v7e-m/nofp/libg_nano.a(libc_a-mlock.o)
                0x08001e34                __malloc_lock
 .text.__malloc_unlock
                0x08001e40        0xc /home/khanhnguyen/.local/xPacks/@xpack-dev-tools/arm-none-eabi-gcc/12.3.1-1.2.1/.content/bin/../lib/gcc/arm-none-eabi/12.3.1/../../../../arm-none-eabi/lib/thumb/v7e-m/nofp/libg_nano.a(libc_a-mlock.o)
                0x08001e40                __malloc_unlock
 .text._realloc_r
                0x08001e4c       0x5c /home/khanhnguyen/.local/xPacks/@xpack-dev-tools/arm-none-eabi-gcc/12.3.1-1.2.1/.content/bin/../lib/gcc/arm-none-eabi/12.3.1/../../../../arm-none-eabi/lib/thumb/v7e-m/nofp/libg_nano.a(libc_a-reallocr.o)
                0x08001e4c                _realloc_r
 .text._sbrk_r  0x08001ea8       0x20 /home/khanhnguyen/.local/xPacks/@xpack-dev-tools/arm-none-eabi-gcc/12.3.1-1.2.1/.content/bin/../lib/gcc/arm-none-eabi/12.3.1/../../../../arm-none-eabi/lib/thumb/v7e-m/nofp/libg_nano.a(libc_a-sbrkr.o)
                0x08001ea8                _sbrk_r
 .text.__retarget_lock_acquire_recursive
                0x08001ec8        0x2 /home/khanhnguyen/.local/xPacks/@xpack-dev-tools/arm-none-eabi-gcc/12.3.1-1.2.1/.content/bin/../lib/gcc/arm-none-eabi/12.3.1/../../../../arm-none-eabi/lib/thumb/v7e-m/nofp/libg_nano.a(libc_a-lock.o)
                0x08001ec8                __retarget_lock_acquire_recursive
 .text.__retarget_lock_release_recursive
                0x08001eca        0x2 /home/khanhnguyen/.local/xPacks/@xpack-dev-tools/arm-none-eabi-gcc/12.3.1-1.2.1/.content/bin/../lib/gcc/arm-none-eabi/12.3.1/../../../../arm-none-eabi/lib/thumb/v7e-m/nofp/libg_nano.a(libc_a-lock.o)
                0x08001eca                __retarget_lock_release_recursive
 .text._malloc_usable_size_r
                0x08001ecc       0x10 /home/khanhnguyen/.local/xPacks/@xpack-dev-tools/arm-none-eabi-gcc/12.3.1-1.2.1/.content/bin/../lib/gcc/arm-none-eabi/12.3.1/../../../../arm-none-eabi/lib/thumb/v7e-m/nofp/libg_nano.a(libc_a-msizer.o)
                0x08001ecc                _malloc_usable_size_r
 .text          0x08001edc       0x30 /home/khanhnguyen/.local/xPacks/@xpack-dev-tools/arm-none-eabi-gcc/12.3.1-1.2.1/.content/bin/../lib/gcc/arm-none-eabi/12.3.1/thumb/v7e-m/nofp/libgcc.a(_aeabi_uldivmod.o)
                0x08001edc                __aeabi_uldivmod
 .text.__udivmoddi4
                0x08001f0c      0x2bc /home/khanhnguyen/.local/xPacks/@xpack-dev-tools/arm-none-eabi-gcc/12.3.1-1.2.1/.content/bin/../lib/gcc/arm-none-eabi/12.3.1/thumb/v7e-m/nofp/libgcc.a(_udivmoddi4.o)
                0x08001f0c                __udivmoddi4
 .text          0x080021c8        0x4 /home/khanhnguyen/.local/xPacks/@xpack-dev-tools/arm-none-eabi-gcc/12.3.1-1.2.1/.content/bin/../lib/gcc/arm-none-eabi/12.3.1/thumb/v7e-m/nofp/libgcc.a(_dvmd_tls.o)
                0x080021c8                __aeabi_ldiv0
                0x080021c8                __aeabi_idiv0
 *(.rodata .rodata.* .constdata .constdata.*)
 .rodata.dumpExceptionStack.str1.4
                0x080021cc      0x11a /tmp/ccKySW0X.ltrans0.ltrans.o
 *fill*         0x080022e6        0x2 
 .rodata.assert_failed.str1.4
                0x080022e8       0x2d /tmp/ccKySW0X.ltrans0.ltrans.o
 *fill*         0x08002315        0x3 
 .rodata.HAL_NVIC_SetPriorityGrouping.str1.4
                0x08002318       0x31 /tmp/ccKySW0X.ltrans0.ltrans.o
 *fill*         0x08002349        0x3 
 .rodata.HAL_GPIO_Init.str1.4
                0x0800234c       0x2f /tmp/ccKySW0X.ltrans0.ltrans.o
 *fill*         0x0800237b        0x1 
 .rodata.HAL_RCC_OscConfig.str1.4
                0x0800237c       0x2e /tmp/ccKySW0X.ltrans0.ltrans.o
 .rodata.trace_puts.str1.4
                0x080023aa       0x2e /tmp/ccKySW0X.ltrans0.ltrans.o
                                  0x2 (size before relaxing)
 *fill*         0x080023aa        0x2 
 .rodata.main.str1.4
                0x080023ac       0xec /tmp/ccKySW0X.ltrans0.ltrans.o
 .rodata.str1.4
                0x08002498       0x2a /tmp/ccKySW0X.ltrans0.ltrans.o
 *fill*         0x080024c2        0x2 
 .rodata.temperature
                0x080024c4       0x24 /tmp/ccKySW0X.ltrans0.ltrans.o
 .rodata.AHBPrescTable
                0x080024e8       0x10 /tmp/ccKySW0X.ltrans0.ltrans.o
 .rodata._svfprintf_r.str1.1
                0x080024f8       0x11 /home/khanhnguyen/.local/xPacks/@xpack-dev-tools/arm-none-eabi-gcc/12.3.1-1.2.1/.content/bin/../lib/gcc/arm-none-eabi/12.3.1/../../../../arm-none-eabi/lib/thumb/v7e-m/nofp/libg_nano.a(libc_a-nano-svfprintf.o)
 .rodata._printf_i.str1.1
                0x08002509       0x22 /home/khanhnguyen/.local/xPacks/@xpack-dev-tools/arm-none-eabi-gcc/12.3.1-1.2.1/.content/bin/../lib/gcc/arm-none-eabi/12.3.1/../../../../arm-none-eabi/lib/thumb/v7e-m/nofp/libg_nano.a(libc_a-nano-vfprintf_i.o)
 *(vtable)
 *(.eh_frame*)
 *fill*         0x0800252b        0x1 
 .eh_frame      0x0800252c       0x28 /home/khanhnguyen/.local/xPacks/@xpack-dev-tools/arm-none-eabi-gcc/12.3.1-1.2.1/.content/bin/../lib/gcc/arm-none-eabi/12.3.1/../../../../arm-none-eabi/lib/thumb/v7e-m/nofp/libg_nano.a(libc_a-strlen.o)
 .eh_frame      0x08002554       0x50 /home/khanhnguyen/.local/xPacks/@xpack-dev-tools/arm-none-eabi-gcc/12.3.1-1.2.1/.content/bin/../lib/gcc/arm-none-eabi/12.3.1/../../../../arm-none-eabi/lib/thumb/v7e-m/nofp/libg_nano.a(libc_a-memchr.o)
 *(.glue_7)
 .glue_7        0x080025a4        0x0 linker stubs
 *(.glue_7t)
 .glue_7t       0x080025a4        0x0 linker stubs

.vfp11_veneer   0x080025a4        0x0
 .vfp11_veneer  0x080025a4        0x0 linker stubs

.v4_bx          0x080025a4        0x0
 .v4_bx         0x080025a4        0x0 linker stubs

.iplt           0x080025a4        0x0
 .iplt          0x080025a4        0x0 /home/khanhnguyen/.local/xPacks/@xpack-dev-tools/arm-none-eabi-gcc/12.3.1-1.2.1/.content/bin/../lib/gcc/arm-none-eabi/12.3.1/../../../../arm-none-eabi/lib/thumb/v7e-m/nofp/libg_nano.a(libc_a-vsnprintf.o)

.ARM.extab
 *(.ARM.extab* .gnu.linkonce.armextab.*)
                0x080025a4                        . = ALIGN (0x4)
                0x080025a4                        __exidx_start = .

.ARM.exidx      0x080025a4        0x8
 *(.ARM.exidx* .gnu.linkonce.armexidx.*)
 .ARM.exidx     0x080025a4        0x8 /home/khanhnguyen/.local/xPacks/@xpack-dev-tools/arm-none-eabi-gcc/12.3.1-1.2.1/.content/bin/../lib/gcc/arm-none-eabi/12.3.1/../../../../arm-none-eabi/lib/thumb/v7e-m/nofp/libg_nano.a(libc_a-strlen.o)
 .ARM.exidx     0x080025ac        0x0 /home/khanhnguyen/.local/xPacks/@xpack-dev-tools/arm-none-eabi-gcc/12.3.1-1.2.1/.content/bin/../lib/gcc/arm-none-eabi/12.3.1/../../../../arm-none-eabi/lib/thumb/v7e-m/nofp/libg_nano.a(libc_a-memchr.o)
                                  0x8 (size before relaxing)
 .ARM.exidx.text.__udivmoddi4
                0x080025ac        0x0 /home/khanhnguyen/.local/xPacks/@xpack-dev-tools/arm-none-eabi-gcc/12.3.1-1.2.1/.content/bin/../lib/gcc/arm-none-eabi/12.3.1/thumb/v7e-m/nofp/libgcc.a(_udivmoddi4.o)
                                  0x8 (size before relaxing)
                0x080025ac                        __exidx_end = .

.rel.dyn        0x080025ac        0x0
 .rel.iplt      0x080025ac        0x0 /home/khanhnguyen/.local/xPacks/@xpack-dev-tools/arm-none-eabi-gcc/12.3.1-1.2.1/.content/bin/../lib/gcc/arm-none-eabi/12.3.1/../../../../arm-none-eabi/lib/thumb/v7e-m/nofp/libg_nano.a(libc_a-vsnprintf.o)
                0x080025ac                        . = ALIGN (0x4)
                0x080025ac                        _etext = .
                0x080025ac                        __etext = .

.data_CCMRAM    0x10000000        0x0 load address 0x080025ac
 FILL mask 0xff
 *(.data.CCMRAM .data.CCMRAM.*)
                0x10000000                        . = ALIGN (0x4)
                0x080025ac                        _sidata = LOADADDR (.data)

.data           0x20000000       0x68 load address 0x080025ac
 FILL mask 0xff
                0x20000000                        _sdata = .
                0x20000000                        __data_start__ = .
 *(.data_begin .data_begin.*)
 .data_begin    0x20000000        0x4 /tmp/ccKySW0X.ltrans0.ltrans.o
 *(.data .data.*)
 .data.argv.1   0x20000004        0x8 /tmp/ccKySW0X.ltrans0.ltrans.o
 .data.uwTickPrio
                0x2000000c        0x4 /tmp/ccKySW0X.ltrans0.ltrans.o
 .data.SystemCoreClock
                0x20000010        0x4 /tmp/ccKySW0X.ltrans0.ltrans.o
 .data._impure_ptr
                0x20000014        0x4 /home/khanhnguyen/.local/xPacks/@xpack-dev-tools/arm-none-eabi-gcc/12.3.1-1.2.1/.content/bin/../lib/gcc/arm-none-eabi/12.3.1/../../../../arm-none-eabi/lib/thumb/v7e-m/nofp/libg_nano.a(libc_a-impure.o)
                0x20000014                _impure_ptr
 .data._impure_data
                0x20000018       0x4c /home/khanhnguyen/.local/xPacks/@xpack-dev-tools/arm-none-eabi-gcc/12.3.1-1.2.1/.content/bin/../lib/gcc/arm-none-eabi/12.3.1/../../../../arm-none-eabi/lib/thumb/v7e-m/nofp/libg_nano.a(libc_a-impure.o)
                0x20000018                _impure_data
 *(.data_end .data_end.*)
 .data_end      0x20000064        0x4 /tmp/ccKySW0X.ltrans0.ltrans.o
                0x20000068                        . = ALIGN (0x4)
                0x20000068                        _edata = .
                0x20000068                        __data_end__ = .

.igot.plt       0x20000068        0x0 load address 0x08002614
 .igot.plt      0x20000068        0x0 /home/khanhnguyen/.local/xPacks/@xpack-dev-tools/arm-none-eabi-gcc/12.3.1-1.2.1/.content/bin/../lib/gcc/arm-none-eabi/12.3.1/../../../../arm-none-eabi/lib/thumb/v7e-m/nofp/libg_nano.a(libc_a-vsnprintf.o)

.bss_CCMRAM     0x10000000        0x0
 *(.bss.CCMRAM .bss.CCMRAM.*)

.bss            0x20000068       0xa8
                0x20000068                        __bss_start__ = .
                0x20000068                        _sbss = .
 *(.bss_begin .bss_begin.*)
 .bss_begin     0x20000068        0x4 /tmp/ccKySW0X.ltrans0.ltrans.o
 *(.bss .bss.*)
 .bss.errno     0x2000006c        0x4 /tmp/ccKySW0X.ltrans0.ltrans.o
                0x2000006c                errno
 .bss.name.0    0x20000070        0x1 /tmp/ccKySW0X.ltrans0.ltrans.o
 *fill*         0x20000071        0x3 
 .bss.timer_delayCount
                0x20000074        0x4 /tmp/ccKySW0X.ltrans0.ltrans.o
 .bss.buf.0     0x20000078       0x80 /tmp/ccKySW0X.ltrans0.ltrans.o
 .bss.current_heap_end.0
                0x200000f8        0x4 /tmp/ccKySW0X.ltrans0.ltrans.o
 .bss.uwTick    0x200000fc        0x4 /tmp/ccKySW0X.ltrans0.ltrans.o
 .bss.__malloc_sbrk_start
                0x20000100        0x4 /home/khanhnguyen/.local/xPacks/@xpack-dev-tools/arm-none-eabi-gcc/12.3.1-1.2.1/.content/bin/../lib/gcc/arm-none-eabi/12.3.1/../../../../arm-none-eabi/lib/thumb/v7e-m/nofp/libg_nano.a(libc_a-mallocr.o)
                0x20000100                __malloc_sbrk_start
 .bss.__malloc_free_list
                0x20000104        0x4 /home/khanhnguyen/.local/xPacks/@xpack-dev-tools/arm-none-eabi-gcc/12.3.1-1.2.1/.content/bin/../lib/gcc/arm-none-eabi/12.3.1/../../../../arm-none-eabi/lib/thumb/v7e-m/nofp/libg_nano.a(libc_a-mallocr.o)
                0x20000104                __malloc_free_list
 .bss.__lock___malloc_recursive_mutex
                0x20000108        0x1 /home/khanhnguyen/.local/xPacks/@xpack-dev-tools/arm-none-eabi-gcc/12.3.1-1.2.1/.content/bin/../lib/gcc/arm-none-eabi/12.3.1/../../../../arm-none-eabi/lib/thumb/v7e-m/nofp/libg_nano.a(libc_a-lock.o)
                0x20000108                __lock___malloc_recursive_mutex
 *(COMMON)
 *(.bss_end .bss_end.*)
 *fill*         0x20000109        0x3 
 .bss_end       0x2000010c        0x4 /tmp/ccKySW0X.ltrans0.ltrans.o
                0x20000110                        . = ALIGN (0x4)
                0x20000110                        __bss_end__ = .
                0x20000110                        _ebss = .

.noinit_CCMRAM
 *(.noinit.CCMRAM .noinit.CCMRAM.*)

.noinit         0x20000110        0x0
                0x20000110                        _noinit = .
 *(.noinit .noinit.*)
                0x20000110                        . = ALIGN (0x4)
                0x20000110                        _end_noinit = .
                [!provide]                        PROVIDE (end = _end_noinit)
                [!provide]                        PROVIDE (_end = _end_noinit)
                [!provide]                        PROVIDE (__end = _end_noinit)
                [!provide]                        PROVIDE (__end__ = _end_noinit)

._check_stack   0x20000110      0x100
                0x20000210                        . = (. + _Minimum_Stack_Size)
 *fill*         0x20000110      0x100 

.b1text
 *(.b1text)
 *(.b1rodata)
 *(.b1rodata.*)

.eb0text
 *(.eb0text)
 *(.eb0rodata)
 *(.eb0rodata.*)

.eb1text
 *(.eb1text)
 *(.eb1rodata)
 *(.eb1rodata.*)

.eb2text
 *(.eb2text)
 *(.eb2rodata)
 *(.eb2rodata.*)

.eb3text
 *(.eb3text)
 *(.eb3rodata)
 *(.eb3rodata.*)

.stab
 *(.stab)

.stabstr
 *(.stabstr)

.stab.excl
 *(.stab.excl)

.stab.exclstr
 *(.stab.exclstr)

.stab.index
 *(.stab.index)

.stab.indexstr
 *(.stab.indexstr)

.comment        0x00000000       0x39
 *(.comment)
 .comment       0x00000000       0x3a /tmp/ccKySW0X.ltrans0.ltrans.o
 .comment       0x00000000       0x39 /home/khanhnguyen/.local/xPacks/@xpack-dev-tools/arm-none-eabi-gcc/12.3.1-1.2.1/.content/bin/../lib/gcc/arm-none-eabi/12.3.1/../../../../arm-none-eabi/lib/thumb/v7e-m/nofp/libg_nano.a(libc_a-vsnprintf.o)
                                 0x3a (size before relaxing)
 .comment       0x00000039       0x3a /home/khanhnguyen/.local/xPacks/@xpack-dev-tools/arm-none-eabi-gcc/12.3.1-1.2.1/.content/bin/../lib/gcc/arm-none-eabi/12.3.1/../../../../arm-none-eabi/lib/thumb/v7e-m/nofp/libg_nano.a(libc_a-impure.o)
 .comment       0x00000039       0x3a /home/khanhnguyen/.local/xPacks/@xpack-dev-tools/arm-none-eabi-gcc/12.3.1-1.2.1/.content/bin/../lib/gcc/arm-none-eabi/12.3.1/../../../../arm-none-eabi/lib/thumb/v7e-m/nofp/libg_nano.a(libc_a-errno.o)
 .comment       0x00000039       0x3a /home/khanhnguyen/.local/xPacks/@xpack-dev-tools/arm-none-eabi-gcc/12.3.1-1.2.1/.content/bin/../lib/gcc/arm-none-eabi/12.3.1/../../../../arm-none-eabi/lib/thumb/v7e-m/nofp/libg_nano.a(libc_a-nano-svfprintf.o)
 .comment       0x00000039       0x3a /home/khanhnguyen/.local/xPacks/@xpack-dev-tools/arm-none-eabi-gcc/12.3.1-1.2.1/.content/bin/../lib/gcc/arm-none-eabi/12.3.1/../../../../arm-none-eabi/lib/thumb/v7e-m/nofp/libg_nano.a(libc_a-nano-vfprintf_i.o)
 .comment       0x00000039       0x3a /home/khanhnguyen/.local/xPacks/@xpack-dev-tools/arm-none-eabi-gcc/12.3.1-1.2.1/.content/bin/../lib/gcc/arm-none-eabi/12.3.1/../../../../arm-none-eabi/lib/thumb/v7e-m/nofp/libg_nano.a(libc_a-memmove.o)
 .comment       0x00000039       0x3a /home/khanhnguyen/.local/xPacks/@xpack-dev-tools/arm-none-eabi-gcc/12.3.1-1.2.1/.content/bin/../lib/gcc/arm-none-eabi/12.3.1/../../../../arm-none-eabi/lib/thumb/v7e-m/nofp/libg_nano.a(libc_a-memcpy-stub.o)
 .comment       0x00000039       0x3a /home/khanhnguyen/.local/xPacks/@xpack-dev-tools/arm-none-eabi-gcc/12.3.1-1.2.1/.content/bin/../lib/gcc/arm-none-eabi/12.3.1/../../../../arm-none-eabi/lib/thumb/v7e-m/nofp/libg_nano.a(libc_a-freer.o)
 .comment       0x00000039       0x3a /home/khanhnguyen/.local/xPacks/@xpack-dev-tools/arm-none-eabi-gcc/12.3.1-1.2.1/.content/bin/../lib/gcc/arm-none-eabi/12.3.1/../../../../arm-none-eabi/lib/thumb/v7e-m/nofp/libg_nano.a(libc_a-mallocr.o)
 .comment       0x00000039       0x3a /home/khanhnguyen/.local/xPacks/@xpack-dev-tools/arm-none-eabi-gcc/12.3.1-1.2.1/.content/bin/../lib/gcc/arm-none-eabi/12.3.1/../../../../arm-none-eabi/lib/thumb/v7e-m/nofp/libg_nano.a(libc_a-mlock.o)
 .comment       0x00000039       0x3a /home/khanhnguyen/.local/xPacks/@xpack-dev-tools/arm-none-eabi-gcc/12.3.1-1.2.1/.content/bin/../lib/gcc/arm-none-eabi/12.3.1/../../../../arm-none-eabi/lib/thumb/v7e-m/nofp/libg_nano.a(libc_a-reallocr.o)
 .comment       0x00000039       0x3a /home/khanhnguyen/.local/xPacks/@xpack-dev-tools/arm-none-eabi-gcc/12.3.1-1.2.1/.content/bin/../lib/gcc/arm-none-eabi/12.3.1/../../../../arm-none-eabi/lib/thumb/v7e-m/nofp/libg_nano.a(libc_a-sbrkr.o)
 .comment       0x00000039       0x3a /home/khanhnguyen/.local/xPacks/@xpack-dev-tools/arm-none-eabi-gcc/12.3.1-1.2.1/.content/bin/../lib/gcc/arm-none-eabi/12.3.1/../../../../arm-none-eabi/lib/thumb/v7e-m/nofp/libg_nano.a(libc_a-lock.o)
 .comment       0x00000039       0x3a /home/khanhnguyen/.local/xPacks/@xpack-dev-tools/arm-none-eabi-gcc/12.3.1-1.2.1/.content/bin/../lib/gcc/arm-none-eabi/12.3.1/../../../../arm-none-eabi/lib/thumb/v7e-m/nofp/libg_nano.a(libc_a-msizer.o)
 .comment       0x00000039       0x3a /home/khanhnguyen/.local/xPacks/@xpack-dev-tools/arm-none-eabi-gcc/12.3.1-1.2.1/.content/bin/../lib/gcc/arm-none-eabi/12.3.1/thumb/v7e-m/nofp/libgcc.a(_udivmoddi4.o)

.ARM.attributes
                0x00000000       0x2c
 .ARM.attributes
                0x00000000       0x2c /tmp/ccKySW0X.ltrans0.ltrans.o
 .ARM.attributes
                0x0000002c       0x2e /home/khanhnguyen/.local/xPacks/@xpack-dev-tools/arm-none-eabi-gcc/12.3.1-1.2.1/.content/bin/../lib/gcc/arm-none-eabi/12.3.1/../../../../arm-none-eabi/lib/thumb/v7e-m/nofp/libg_nano.a(libc_a-vsnprintf.o)
 .ARM.attributes
                0x0000005a       0x2e /home/khanhnguyen/.local/xPacks/@xpack-dev-tools/arm-none-eabi-gcc/12.3.1-1.2.1/.content/bin/../lib/gcc/arm-none-eabi/12.3.1/../../../../arm-none-eabi/lib/thumb/v7e-m/nofp/libg_nano.a(libc_a-impure.o)
 .ARM.attributes
                0x00000088       0x2e /home/khanhnguyen/.local/xPacks/@xpack-dev-tools/arm-none-eabi-gcc/12.3.1-1.2.1/.content/bin/../lib/gcc/arm-none-eabi/12.3.1/../../../../arm-none-eabi/lib/thumb/v7e-m/nofp/libg_nano.a(libc_a-errno.o)
 .ARM.attributes
                0x000000b6       0x17 /home/khanhnguyen/.local/xPacks/@xpack-dev-tools/arm-none-eabi-gcc/12.3.1-1.2.1/.content/bin/../lib/gcc/arm-none-eabi/12.3.1/../../../../arm-none-eabi/lib/thumb/v7e-m/nofp/libg_nano.a(libc_a-strlen.o)
 .ARM.attributes
                0x000000cd       0x2e /home/khanhnguyen/.local/xPacks/@xpack-dev-tools/arm-none-eabi-gcc/12.3.1-1.2.1/.content/bin/../lib/gcc/arm-none-eabi/12.3.1/../../../../arm-none-eabi/lib/thumb/v7e-m/nofp/libg_nano.a(libc_a-nano-svfprintf.o)
 .ARM.attributes
                0x000000fb       0x2e /home/khanhnguyen/.local/xPacks/@xpack-dev-tools/arm-none-eabi-gcc/12.3.1-1.2.1/.content/bin/../lib/gcc/arm-none-eabi/12.3.1/../../../../arm-none-eabi/lib/thumb/v7e-m/nofp/libg_nano.a(libc_a-nano-vfprintf_i.o)
 .ARM.attributes
                0x00000129       0x2e /home/khanhnguyen/.local/xPacks/@xpack-dev-tools/arm-none-eabi-gcc/12.3.1-1.2.1/.content/bin/../lib/gcc/arm-none-eabi/12.3.1/../../../../arm-none-eabi/lib/thumb/v7e-m/nofp/libg_nano.a(libc_a-memmove.o)
 .ARM.attributes
                0x00000157       0x1c /home/khanhnguyen/.local/xPacks/@xpack-dev-tools/arm-none-eabi-gcc/12.3.1-1.2.1/.content/bin/../lib/gcc/arm-none-eabi/12.3.1/../../../../arm-none-eabi/lib/thumb/v7e-m/nofp/libg_nano.a(libc_a-memchr.o)
 .ARM.attributes
                0x00000173       0x2e /home/khanhnguyen/.local/xPacks/@xpack-dev-tools/arm-none-eabi-gcc/12.3.1-1.2.1/.content/bin/../lib/gcc/arm-none-eabi/12.3.1/../../../../arm-none-eabi/lib/thumb/v7e-m/nofp/libg_nano.a(libc_a-memcpy-stub.o)
 .ARM.attributes
                0x000001a1       0x2e /home/khanhnguyen/.local/xPacks/@xpack-dev-tools/arm-none-eabi-gcc/12.3.1-1.2.1/.content/bin/../lib/gcc/arm-none-eabi/12.3.1/../../../../arm-none-eabi/lib/thumb/v7e-m/nofp/libg_nano.a(libc_a-freer.o)
 .ARM.attributes
                0x000001cf       0x2e /home/khanhnguyen/.local/xPacks/@xpack-dev-tools/arm-none-eabi-gcc/12.3.1-1.2.1/.content/bin/../lib/gcc/arm-none-eabi/12.3.1/../../../../arm-none-eabi/lib/thumb/v7e-m/nofp/libg_nano.a(libc_a-mallocr.o)
 .ARM.attributes
                0x000001fd       0x2e /home/khanhnguyen/.local/xPacks/@xpack-dev-tools/arm-none-eabi-gcc/12.3.1-1.2.1/.content/bin/../lib/gcc/arm-none-eabi/12.3.1/../../../../arm-none-eabi/lib/thumb/v7e-m/nofp/libg_nano.a(libc_a-mlock.o)
 .ARM.attributes
                0x0000022b       0x2e /home/khanhnguyen/.local/xPacks/@xpack-dev-tools/arm-none-eabi-gcc/12.3.1-1.2.1/.content/bin/../lib/gcc/arm-none-eabi/12.3.1/../../../../arm-none-eabi/lib/thumb/v7e-m/nofp/libg_nano.a(libc_a-reallocr.o)
 .ARM.attributes
                0x00000259       0x2e /home/khanhnguyen/.local/xPacks/@xpack-dev-tools/arm-none-eabi-gcc/12.3.1-1.2.1/.content/bin/../lib/gcc/arm-none-eabi/12.3.1/../../../../arm-none-eabi/lib/thumb/v7e-m/nofp/libg_nano.a(libc_a-sbrkr.o)
 .ARM.attributes
                0x00000287       0x2e /home/khanhnguyen/.local/xPacks/@xpack-dev-tools/arm-none-eabi-gcc/12.3.1-1.2.1/.content/bin/../lib/gcc/arm-none-eabi/12.3.1/../../../../arm-none-eabi/lib/thumb/v7e-m/nofp/libg_nano.a(libc_a-lock.o)
 .ARM.attributes
                0x000002b5       0x2e /home/khanhnguyen/.local/xPacks/@xpack-dev-tools/arm-none-eabi-gcc/12.3.1-1.2.1/.content/bin/../lib/gcc/arm-none-eabi/12.3.1/../../../../arm-none-eabi/lib/thumb/v7e-m/nofp/libg_nano.a(libc_a-msizer.o)
 .ARM.attributes
                0x000002e3       0x1e /home/khanhnguyen/.local/xPacks/@xpack-dev-tools/arm-none-eabi-gcc/12.3.1-1.2.1/.content/bin/../lib/gcc/arm-none-eabi/12.3.1/thumb/v7e-m/nofp/libgcc.a(_aeabi_uldivmod.o)
 .ARM.attributes
                0x00000301       0x2e /home/khanhnguyen/.local/xPacks/@xpack-dev-tools/arm-none-eabi-gcc/12.3.1-1.2.1/.content/bin/../lib/gcc/arm-none-eabi/12.3.1/thumb/v7e-m/nofp/libgcc.a(_udivmoddi4.o)
 .ARM.attributes
                0x0000032f       0x1e /home/khanhnguyen/.local/xPacks/@xpack-dev-tools/arm-none-eabi-gcc/12.3.1-1.2.1/.content/bin/../lib/gcc/arm-none-eabi/12.3.1/thumb/v7e-m/nofp/libgcc.a(_dvmd_tls.o)

.debug
 *(.debug)

.line
 *(.line)

.debug_srcinfo
 *(.debug_srcinfo)

.debug_sfnames
 *(.debug_sfnames)

.debug_aranges  0x00000000      0x1c0
 *(.debug_aranges)
 .debug_aranges
                0x00000000      0x1c0 /tmp/ccKySW0X.ltrans0.ltrans.o

.debug_pubnames
 *(.debug_pubnames)

.debug_info     0x00000000     0x5e2b
 *(.debug_info .gnu.linkonce.wi.*)
 .debug_info    0x00000000     0x15fe /tmp/ccKySW0X.ltrans0.ltrans.o
 .debug_info    0x000015fe      0x82d /tmp/ccQDez44.debug.temp.o
                0x000015fe                stm32f4xx_hal.c.569a31d2
 .debug_info    0x00001e2b      0xaf8 /tmp/ccJq6ahU.debug.temp.o
                0x00001e2b                stm32f4xx_hal_cortex.c.5920f7fb
 .debug_info    0x00002923      0x5fe /tmp/ccQIwMpf.debug.temp.o
                0x00002923                stm32f4xx_hal_gpio.c.22aa99b5
 .debug_info    0x00002f21      0x7a7 /tmp/ccYxuukH.debug.temp.o
                0x00002f21                stm32f4xx_hal_rcc.c.751fb344
 .debug_info    0x000036c8       0xb5 /tmp/cc8aUojJ.debug.temp.o
                0x000036c8                exit.c.335be917
 .debug_info    0x0000377d       0xdc /tmp/ccnCLbBQ.debug.temp.o
                0x0000377d                sbrk.c.20a9d836
 .debug_info    0x00003859      0x2c2 /tmp/ccwGApve.debug.temp.o
                0x00003859                startup.c.a25bad9e
 .debug_info    0x00003b1b      0x15b /tmp/cc5KCwBb.debug.temp.o
                0x00003b1b                syscalls.c.2cfcd4ce
 .debug_info    0x00003c76      0x34e /tmp/ccVsTEpe.debug.temp.o
                0x00003c76                trace_impl.c.632ca330
 .debug_info    0x00003fc4      0x1e6 /tmp/ccQqnB1l.debug.temp.o
                0x00003fc4                trace.c.9fb00ac3
 .debug_info    0x000041aa      0x42c /tmp/ccJk8ueW.debug.temp.o
                0x000041aa                exception_handlers.c.a466be7d
 .debug_info    0x000045d6      0x240 /tmp/ccN5wid4.debug.temp.o
                0x000045d6                initialize_hardware.c.6672d719
 .debug_info    0x00004816      0x4bb /tmp/ccf3wA0y.debug.temp.o
                0x00004816                system_stm32f4xx.c.88b4d7b7
 .debug_info    0x00004cd1       0xf3 /tmp/cc0zDGyL.debug.temp.o
                0x00004cd1                vectors_stm32f407xx.c.60c14725
 .debug_info    0x00004dc4      0x4ab /tmp/cceU5ycR.debug.temp.o
                0x00004dc4                initialize_hardware.c.856dbc35
 .debug_info    0x0000526f      0x37d /tmp/ccbveodT.debug.temp.o
                0x0000526f                led.c.87c1738e
 .debug_info    0x000055ec      0x15d /tmp/ccvIBB5N.debug.temp.o
                0x000055ec                main.c.7114ac47
 .debug_info    0x00005749       0x88 /tmp/ccApBclH.debug.temp.o
                0x00005749                stm32f4xx_hal_msp.c.84899343
 .debug_info    0x000057d1      0x65a /tmp/ccZZDxhl.debug.temp.o
                0x000057d1                timer.c.2054cb77

.debug_abbrev   0x00000000     0x1999
 *(.debug_abbrev)
 .debug_abbrev  0x00000000      0x16e /tmp/ccKySW0X.ltrans0.ltrans.o
 .debug_abbrev  0x0000016e      0x1d6 /tmp/ccQDez44.debug.temp.o
 .debug_abbrev  0x00000344      0x279 /tmp/ccJq6ahU.debug.temp.o
 .debug_abbrev  0x000005bd      0x1ab /tmp/ccQIwMpf.debug.temp.o
 .debug_abbrev  0x00000768      0x238 /tmp/ccYxuukH.debug.temp.o
 .debug_abbrev  0x000009a0       0x8d /tmp/cc8aUojJ.debug.temp.o
 .debug_abbrev  0x00000a2d       0x9d /tmp/ccnCLbBQ.debug.temp.o
 .debug_abbrev  0x00000aca      0x16a /tmp/ccwGApve.debug.temp.o
 .debug_abbrev  0x00000c34       0xe2 /tmp/cc5KCwBb.debug.temp.o
 .debug_abbrev  0x00000d16      0x14c /tmp/ccVsTEpe.debug.temp.o
 .debug_abbrev  0x00000e62      0x11b /tmp/ccQqnB1l.debug.temp.o
 .debug_abbrev  0x00000f7d      0x1b0 /tmp/ccJk8ueW.debug.temp.o
 .debug_abbrev  0x0000112d       0xd7 /tmp/ccN5wid4.debug.temp.o
 .debug_abbrev  0x00001204      0x101 /tmp/ccf3wA0y.debug.temp.o
 .debug_abbrev  0x00001305       0xaa /tmp/cc0zDGyL.debug.temp.o
 .debug_abbrev  0x000013af      0x1d6 /tmp/cceU5ycR.debug.temp.o
 .debug_abbrev  0x00001585      0x142 /tmp/ccbveodT.debug.temp.o
 .debug_abbrev  0x000016c7       0xfe /tmp/ccvIBB5N.debug.temp.o
 .debug_abbrev  0x000017c5       0x3b /tmp/ccApBclH.debug.temp.o
 .debug_abbrev  0x00001800      0x199 /tmp/ccZZDxhl.debug.temp.o

.debug_line     0x00000000     0x38a0
 *(.debug_line)
 .debug_line    0x00000000     0x18e0 /tmp/ccKySW0X.ltrans0.ltrans.o
 .debug_line    0x000018e0      0x1d9 /tmp/ccQDez44.debug.temp.o
 .debug_line    0x00001ab9      0x1d9 /tmp/ccJq6ahU.debug.temp.o
 .debug_line    0x00001c92      0x1d9 /tmp/ccQIwMpf.debug.temp.o
 .debug_line    0x00001e6b      0x1d9 /tmp/ccYxuukH.debug.temp.o
 .debug_line    0x00002044       0xe9 /tmp/cc8aUojJ.debug.temp.o
 .debug_line    0x0000212d       0xd1 /tmp/ccnCLbBQ.debug.temp.o
 .debug_line    0x000021fe       0xc7 /tmp/ccwGApve.debug.temp.o
 .debug_line    0x000022c5      0x125 /tmp/cc5KCwBb.debug.temp.o
 .debug_line    0x000023ea      0x26b /tmp/ccVsTEpe.debug.temp.o
 .debug_line    0x00002655      0x102 /tmp/ccQqnB1l.debug.temp.o
 .debug_line    0x00002757      0x29b /tmp/ccJk8ueW.debug.temp.o
 .debug_line    0x000029f2      0x1de /tmp/ccN5wid4.debug.temp.o
 .debug_line    0x00002bd0      0x1d9 /tmp/ccf3wA0y.debug.temp.o
 .debug_line    0x00002da9       0x51 /tmp/cc0zDGyL.debug.temp.o
 .debug_line    0x00002dfa      0x266 /tmp/cceU5ycR.debug.temp.o
 .debug_line    0x00003060      0x1de /tmp/ccbveodT.debug.temp.o
 .debug_line    0x0000323e      0x29d /tmp/ccvIBB5N.debug.temp.o
 .debug_line    0x000034db      0x1d9 /tmp/ccApBclH.debug.temp.o
 .debug_line    0x000036b4      0x1ec /tmp/ccZZDxhl.debug.temp.o

.debug_frame    0x00000000      0x4ec
 *(.debug_frame)
 .debug_frame   0x00000000      0x4ec /tmp/ccKySW0X.ltrans0.ltrans.o

.debug_str      0x00000000    0xf680e
 *(.debug_str)
 .debug_str     0x00000000      0x159 /tmp/ccKySW0X.ltrans0.ltrans.o
 .debug_str     0x00000159    0xee828 /tmp/ccQDez44.debug.temp.o
                              0xeebd9 (size before relaxing)
 .debug_str     0x000ee981      0x3ae /tmp/ccJq6ahU.debug.temp.o
                              0xee8f9 (size before relaxing)
 .debug_str     0x000eed2f      0x27d /tmp/ccQIwMpf.debug.temp.o
                              0xee260 (size before relaxing)
 .debug_str     0x000eefac      0x39f /tmp/ccYxuukH.debug.temp.o
                              0xee461 (size before relaxing)
 .debug_str     0x000ef34b     0x4995 /tmp/cc8aUojJ.debug.temp.o
                               0x7bd5 (size before relaxing)
 .debug_str     0x000f3ce0      0x4df /tmp/ccnCLbBQ.debug.temp.o
                               0x6fb8 (size before relaxing)
 .debug_str     0x000f41bf      0x2cb /tmp/ccwGApve.debug.temp.o
                               0x66ca (size before relaxing)
 .debug_str     0x000f448a     0x1513 /tmp/cc5KCwBb.debug.temp.o
                               0x8f47 (size before relaxing)
 .debug_str     0x000f599d       0xec /tmp/ccVsTEpe.debug.temp.o
                              0xf1743 (size before relaxing)
 .debug_str     0x000f5a89      0x7f6 /tmp/ccQqnB1l.debug.temp.o
                               0x8349 (size before relaxing)
 .debug_str     0x000f627f      0x1e5 /tmp/ccJk8ueW.debug.temp.o
                              0xf29db (size before relaxing)
 .debug_str     0x000f6464       0x5d /tmp/ccN5wid4.debug.temp.o
                              0xedf6e (size before relaxing)
 .debug_str     0x000f64c1       0x46 /tmp/ccf3wA0y.debug.temp.o
                              0xee05c (size before relaxing)
 .debug_str     0x000f6507       0x59 /tmp/cc0zDGyL.debug.temp.o
                               0x39da (size before relaxing)
 .debug_str     0x000f6560       0x35 /tmp/cceU5ycR.debug.temp.o
                              0xf194b (size before relaxing)
 .debug_str     0x000f6595      0x137 /tmp/ccbveodT.debug.temp.o
                              0xee143 (size before relaxing)
 .debug_str     0x000f66cc       0xda /tmp/ccvIBB5N.debug.temp.o
                              0xf30dc (size before relaxing)
 .debug_str     0x000f67a6       0x3d /tmp/ccApBclH.debug.temp.o
                              0xedeae (size before relaxing)
 .debug_str     0x000f67e3       0x2b /tmp/ccZZDxhl.debug.temp.o
                              0xee573 (size before relaxing)

.debug_loc
 *(.debug_loc)

.debug_macinfo
 *(.debug_macinfo)

.debug_weaknames
 *(.debug_weaknames)

.debug_funcnames
 *(.debug_funcnames)

.debug_typenames
 *(.debug_typenames)

.debug_varnames
 *(.debug_varnames)
OUTPUT(test3.elf elf32-littlearm)
LOAD linker stubs

.debug_loclists
                0x00000000      0xf2e
 .debug_loclists
                0x00000000      0xf2e /tmp/ccKySW0X.ltrans0.ltrans.o

.debug_rnglists
                0x00000000      0x186
 .debug_rnglists
                0x00000000      0x186 /tmp/ccKySW0X.ltrans0.ltrans.o

.debug_macro    0x00000000    0x28e19
 .debug_macro   0x00000000      0x40d /tmp/ccQDez44.debug.temp.o
 .debug_macro   0x0000040d      0xaba /tmp/ccQDez44.debug.temp.o
 .debug_macro   0x00000ec7      0x3a2 /tmp/ccQDez44.debug.temp.o
 .debug_macro   0x00001269       0x2e /tmp/ccQDez44.debug.temp.o
 .debug_macro   0x00001297       0x2f /tmp/ccQDez44.debug.temp.o
 .debug_macro   0x000012c6      0x34e /tmp/ccQDez44.debug.temp.o
 .debug_macro   0x00001614       0x1c /tmp/ccQDez44.debug.temp.o
 .debug_macro   0x00001630       0x22 /tmp/ccQDez44.debug.temp.o
 .debug_macro   0x00001652       0xd9 /tmp/ccQDez44.debug.temp.o
 .debug_macro   0x0000172b     0x102d /tmp/ccQDez44.debug.temp.o
 .debug_macro   0x00002758      0x11f /tmp/ccQDez44.debug.temp.o
 .debug_macro   0x00002877    0x15e3c /tmp/ccQDez44.debug.temp.o
 .debug_macro   0x000186b3       0x43 /tmp/ccQDez44.debug.temp.o
 .debug_macro   0x000186f6     0x3659 /tmp/ccQDez44.debug.temp.o
 .debug_macro   0x0001bd4f      0x189 /tmp/ccQDez44.debug.temp.o
 .debug_macro   0x0001bed8       0x5a /tmp/ccQDez44.debug.temp.o
 .debug_macro   0x0001bf32      0x96b /tmp/ccQDez44.debug.temp.o
 .debug_macro   0x0001c89d      0x9fe /tmp/ccQDez44.debug.temp.o
 .debug_macro   0x0001d29b      0x117 /tmp/ccQDez44.debug.temp.o
 .debug_macro   0x0001d3b2      0x13e /tmp/ccQDez44.debug.temp.o
 .debug_macro   0x0001d4f0       0x27 /tmp/ccQDez44.debug.temp.o
 .debug_macro   0x0001d517      0x174 /tmp/ccQDez44.debug.temp.o
 .debug_macro   0x0001d68b      0x287 /tmp/ccQDez44.debug.temp.o
 .debug_macro   0x0001d912       0x5f /tmp/ccQDez44.debug.temp.o
 .debug_macro   0x0001d971      0x236 /tmp/ccQDez44.debug.temp.o
 .debug_macro   0x0001dba7      0x391 /tmp/ccQDez44.debug.temp.o
 .debug_macro   0x0001df38      0x176 /tmp/ccQDez44.debug.temp.o
 .debug_macro   0x0001e0ae       0xf9 /tmp/ccQDez44.debug.temp.o
 .debug_macro   0x0001e1a7      0x40f /tmp/ccQDez44.debug.temp.o
 .debug_macro   0x0001e5b6       0x22 /tmp/ccQDez44.debug.temp.o
 .debug_macro   0x0001e5d8       0xea /tmp/ccQDez44.debug.temp.o
 .debug_macro   0x0001e6c2       0xa0 /tmp/ccQDez44.debug.temp.o
 .debug_macro   0x0001e762       0x3c /tmp/ccQDez44.debug.temp.o
 .debug_macro   0x0001e79e       0x1f /tmp/ccQDez44.debug.temp.o
 .debug_macro   0x0001e7bd      0x1d2 /tmp/ccQDez44.debug.temp.o
 .debug_macro   0x0001e98f      0xccf /tmp/ccQDez44.debug.temp.o
 .debug_macro   0x0001f65e      0x12c /tmp/ccQDez44.debug.temp.o
 .debug_macro   0x0001f78a      0x21e /tmp/ccQDez44.debug.temp.o
 .debug_macro   0x0001f9a8       0x2e /tmp/ccQDez44.debug.temp.o
 .debug_macro   0x0001f9d6      0x543 /tmp/ccQDez44.debug.temp.o
 .debug_macro   0x0001ff19       0x88 /tmp/ccQDez44.debug.temp.o
 .debug_macro   0x0001ffa1       0xea /tmp/ccQDez44.debug.temp.o
 .debug_macro   0x0002008b      0x184 /tmp/ccQDez44.debug.temp.o
 .debug_macro   0x0002020f      0x1b5 /tmp/ccQDez44.debug.temp.o
 .debug_macro   0x000203c4       0xd6 /tmp/ccQDez44.debug.temp.o
 .debug_macro   0x0002049a      0x26b /tmp/ccQDez44.debug.temp.o
 .debug_macro   0x00020705      0x1a7 /tmp/ccQDez44.debug.temp.o
 .debug_macro   0x000208ac       0x46 /tmp/ccQDez44.debug.temp.o
 .debug_macro   0x000208f2       0x4a /tmp/ccQDez44.debug.temp.o
 .debug_macro   0x0002093c       0x78 /tmp/ccQDez44.debug.temp.o
 .debug_macro   0x000209b4      0x11a /tmp/ccQDez44.debug.temp.o
 .debug_macro   0x00020ace       0x7e /tmp/ccQDez44.debug.temp.o
 .debug_macro   0x00020b4c       0x89 /tmp/ccQDez44.debug.temp.o
 .debug_macro   0x00020bd5       0xa4 /tmp/ccQDez44.debug.temp.o
 .debug_macro   0x00020c79      0x31a /tmp/ccQDez44.debug.temp.o
 .debug_macro   0x00020f93      0x405 /tmp/ccQDez44.debug.temp.o
 .debug_macro   0x00021398       0xe4 /tmp/ccQDez44.debug.temp.o
 .debug_macro   0x0002147c      0x861 /tmp/ccQDez44.debug.temp.o
 .debug_macro   0x00021cdd      0x1d5 /tmp/ccQDez44.debug.temp.o
 .debug_macro   0x00021eb2      0x225 /tmp/ccQDez44.debug.temp.o
 .debug_macro   0x000220d7      0x8a0 /tmp/ccQDez44.debug.temp.o
 .debug_macro   0x00022977       0x47 /tmp/ccQDez44.debug.temp.o
 .debug_macro   0x000229be      0x287 /tmp/ccQDez44.debug.temp.o
 .debug_macro   0x00022c45      0x217 /tmp/ccQDez44.debug.temp.o
 .debug_macro   0x00022e5c      0x1b5 /tmp/ccQDez44.debug.temp.o
 .debug_macro   0x00023011      0x2db /tmp/ccQDez44.debug.temp.o
 .debug_macro   0x000232ec       0x8d /tmp/ccQDez44.debug.temp.o
 .debug_macro   0x00023379      0x21e /tmp/ccQDez44.debug.temp.o
 .debug_macro   0x00023597       0xba /tmp/ccQDez44.debug.temp.o
 .debug_macro   0x00023651       0x6e /tmp/ccQDez44.debug.temp.o
 .debug_macro   0x000236bf      0x1e9 /tmp/ccQDez44.debug.temp.o
 .debug_macro   0x000238a8      0x12d /tmp/ccQDez44.debug.temp.o
 .debug_macro   0x000239d5      0x3ad /tmp/ccJq6ahU.debug.temp.o
 .debug_macro   0x00023d82      0x3e3 /tmp/ccQIwMpf.debug.temp.o
 .debug_macro   0x00024165      0x3d1 /tmp/ccYxuukH.debug.temp.o
 .debug_macro   0x00024536      0x1ae /tmp/cc8aUojJ.debug.temp.o
 .debug_macro   0x000246e4      0x163 /tmp/ccnCLbBQ.debug.temp.o
 .debug_macro   0x00024847       0x10 /tmp/ccnCLbBQ.debug.temp.o
 .debug_macro   0x00024857      0x23c /tmp/ccnCLbBQ.debug.temp.o
 .debug_macro   0x00024a93      0x15f /tmp/ccwGApve.debug.temp.o
 .debug_macro   0x00024bf2      0xac0 /tmp/ccwGApve.debug.temp.o
 .debug_macro   0x000256b2      0x239 /tmp/cc5KCwBb.debug.temp.o
 .debug_macro   0x000258eb       0x1c /tmp/cc5KCwBb.debug.temp.o
 .debug_macro   0x00025907       0x10 /tmp/cc5KCwBb.debug.temp.o
 .debug_macro   0x00025917       0x10 /tmp/cc5KCwBb.debug.temp.o
 .debug_macro   0x00025927       0x10 /tmp/cc5KCwBb.debug.temp.o
 .debug_macro   0x00025937       0x35 /tmp/cc5KCwBb.debug.temp.o
 .debug_macro   0x0002596c      0x12c /tmp/cc5KCwBb.debug.temp.o
 .debug_macro   0x00025a98       0xce /tmp/cc5KCwBb.debug.temp.o
 .debug_macro   0x00025b66       0x7c /tmp/cc5KCwBb.debug.temp.o
 .debug_macro   0x00025be2       0x17 /tmp/cc5KCwBb.debug.temp.o
 .debug_macro   0x00025bf9      0x118 /tmp/cc5KCwBb.debug.temp.o
 .debug_macro   0x00025d11      0x18a /tmp/cc5KCwBb.debug.temp.o
 .debug_macro   0x00025e9b       0x16 /tmp/cc5KCwBb.debug.temp.o
 .debug_macro   0x00025eb1      0x502 /tmp/ccVsTEpe.debug.temp.o
 .debug_macro   0x000263b3       0x10 /tmp/ccVsTEpe.debug.temp.o
 .debug_macro   0x000263c3      0x1f4 /tmp/ccQqnB1l.debug.temp.o
 .debug_macro   0x000265b7       0x16 /tmp/ccQqnB1l.debug.temp.o
 .debug_macro   0x000265cd       0x9e /tmp/ccQqnB1l.debug.temp.o
 .debug_macro   0x0002666b      0x10b /tmp/ccQqnB1l.debug.temp.o
 .debug_macro   0x00026776       0x10 /tmp/ccQqnB1l.debug.temp.o
 .debug_macro   0x00026786       0x16 /tmp/ccQqnB1l.debug.temp.o
 .debug_macro   0x0002679c       0x16 /tmp/ccQqnB1l.debug.temp.o
 .debug_macro   0x000267b2      0x170 /tmp/ccQqnB1l.debug.temp.o
 .debug_macro   0x00026922       0x4c /tmp/ccQqnB1l.debug.temp.o
 .debug_macro   0x0002696e       0xc1 /tmp/ccQqnB1l.debug.temp.o
 .debug_macro   0x00026a2f       0x16 /tmp/ccQqnB1l.debug.temp.o
 .debug_macro   0x00026a45      0x56b /tmp/ccJk8ueW.debug.temp.o
 .debug_macro   0x00026fb0       0x22 /tmp/ccJk8ueW.debug.temp.o
 .debug_macro   0x00026fd2       0x10 /tmp/ccJk8ueW.debug.temp.o
 .debug_macro   0x00026fe2      0x3b7 /tmp/ccN5wid4.debug.temp.o
 .debug_macro   0x00027399      0x3b3 /tmp/ccf3wA0y.debug.temp.o
 .debug_macro   0x0002774c       0x34 /tmp/cc0zDGyL.debug.temp.o
 .debug_macro   0x00027780      0x4f2 /tmp/cceU5ycR.debug.temp.o
 .debug_macro   0x00027c72      0x3bc /tmp/ccbveodT.debug.temp.o
 .debug_macro   0x0002802e       0x28 /tmp/ccbveodT.debug.temp.o
 .debug_macro   0x00028056      0x5b4 /tmp/ccvIBB5N.debug.temp.o
 .debug_macro   0x0002860a       0x54 /tmp/ccvIBB5N.debug.temp.o
 .debug_macro   0x0002865e       0x2e /tmp/ccvIBB5N.debug.temp.o
 .debug_macro   0x0002868c      0x3ad /tmp/ccApBclH.debug.temp.o
 .debug_macro   0x00028a39      0x3d0 /tmp/ccZZDxhl.debug.temp.o
 .debug_macro   0x00028e09       0x10 /tmp/ccZZDxhl.debug.temp.o

.debug_line_str
                0x00000000      0xdd9
 .debug_line_str
                0x00000000      0x779 /tmp/ccQDez44.debug.temp.o
                                0x79e (size before relaxing)
 .debug_line_str
                0x00000779       0x31 /tmp/ccJq6ahU.debug.temp.o
                                0x7ac (size before relaxing)
 .debug_line_str
                0x000007aa       0x2f /tmp/ccQIwMpf.debug.temp.o
                                0x7a8 (size before relaxing)
 .debug_line_str
                0x000007d9       0x2e /tmp/ccYxuukH.debug.temp.o
                                0x7a6 (size before relaxing)
 .debug_line_str
                0x00000807      0x282 /tmp/cc8aUojJ.debug.temp.o
                                0x35d (size before relaxing)
 .debug_line_str
                0x00000a89       0x24 /tmp/ccnCLbBQ.debug.temp.o
                                0x32b (size before relaxing)
 .debug_line_str
                0x00000aad       0x1f /tmp/ccwGApve.debug.temp.o
                                0x330 (size before relaxing)
 .debug_line_str
                0x00000acc       0xe5 /tmp/cc5KCwBb.debug.temp.o
                                0x41e (size before relaxing)
 .debug_line_str
                0x00000bb1       0x42 /tmp/ccVsTEpe.debug.temp.o
                                0x9ee (size before relaxing)
 .debug_line_str
                0x00000bf3       0x4a /tmp/ccQqnB1l.debug.temp.o
                                0x382 (size before relaxing)
 .debug_line_str
                0x00000c3d       0x94 /tmp/ccJk8ueW.debug.temp.o
                                0xa83 (size before relaxing)
 .debug_line_str
                0x00000cd1       0x2c /tmp/ccN5wid4.debug.temp.o
                                0x7b1 (size before relaxing)
 .debug_line_str
                0x00000cfd       0x3b /tmp/ccf3wA0y.debug.temp.o
                                0x798 (size before relaxing)
 .debug_line_str
                0x00000d38       0x2a /tmp/cc0zDGyL.debug.temp.o
                                0x13f (size before relaxing)
 .debug_line_str
                0x00000d62       0x24 /tmp/cceU5ycR.debug.temp.o
                                0x9d9 (size before relaxing)
 .debug_line_str
                0x00000d86       0x13 /tmp/ccbveodT.debug.temp.o
                                0x76a (size before relaxing)
 .debug_line_str
                0x00000d99       0x16 /tmp/ccvIBB5N.debug.temp.o
                                0xa0a (size before relaxing)
 .debug_line_str
                0x00000daf       0x1b /tmp/ccApBclH.debug.temp.o
                                0x780 (size before relaxing)
 .debug_line_str
                0x00000dca        0xf /tmp/ccZZDxhl.debug.temp.o
                                0x7ae (size before relaxing)
